20:34:06.024 Running build in Washington, D.C., USA (East) – iad1
20:34:06.024 Build machine configuration: 2 cores, 8 GB
20:34:06.150 Cloning github.com/t-tibor/PregnancyTracker (Branch: master, Commit: 12b57e4)
20:34:06.151 Previous build caches not available.
20:34:06.440 Cloning completed: 290.000ms
20:34:08.776 Running "vercel build"
20:34:09.457 Vercel CLI 50.22.0
20:34:10.265 Detected `pnpm-lock.yaml` 9 which may be generated by pnpm@9.x or pnpm@10.x
20:34:10.266 Using pnpm@10.x based on project creation date
20:34:10.267 To use pnpm@9.x, manually opt in using corepack (https://vercel.com/docs/deployments/configure-a-build#corepack)
20:34:10.293 Installing dependencies...
20:34:11.076 Lockfile is up to date, resolution step is skipped
20:34:11.180 Progress: resolved 1, reused 0, downloaded 0, added 0
20:34:11.250 Packages: +806
20:34:11.250 ++++++++++++++++++++++++++++++++++++++++++++++++++++++++++++++++++++++++++++++++
20:34:11.424 
20:34:11.425    ╭──────────────────────────────────────────╮
20:34:11.426    │                                          │
20:34:11.426    │   Update available! 10.28.0 → 10.30.1.   │
20:34:11.426    │   Changelog: https://pnpm.io/v/10.30.1   │
20:34:11.426    │     To update, run: pnpm add -g pnpm     │
20:34:11.426    │                                          │
20:34:11.427    ╰──────────────────────────────────────────╯
20:34:11.427 
20:34:12.182 Progress: resolved 806, reused 0, downloaded 28, added 4
20:34:13.183 Progress: resolved 806, reused 0, downloaded 43, added 8
20:34:14.183 Progress: resolved 806, reused 0, downloaded 80, added 20
20:34:15.184 Progress: resolved 806, reused 0, downloaded 121, added 34
20:34:16.208 Progress: resolved 806, reused 0, downloaded 145, added 41
20:34:17.208 Progress: resolved 806, reused 0, downloaded 159, added 45
20:34:18.209 Progress: resolved 806, reused 0, downloaded 160, added 45
20:34:19.613 Progress: resolved 806, reused 0, downloaded 161, added 45
20:34:20.615 Progress: resolved 806, reused 0, downloaded 176, added 50
20:34:21.639 Progress: resolved 806, reused 0, downloaded 265, added 92
20:34:22.641 Progress: resolved 806, reused 0, downloaded 334, added 121
20:34:23.647 Progress: resolved 806, reused 0, downloaded 425, added 160
20:34:24.642 Progress: resolved 806, reused 0, downloaded 459, added 175
20:34:25.644 Progress: resolved 806, reused 0, downloaded 562, added 223
20:34:26.645 Progress: resolved 806, reused 0, downloaded 666, added 267
20:34:27.645 Progress: resolved 806, reused 0, downloaded 775, added 312
20:34:28.646 Progress: resolved 806, reused 0, downloaded 806, added 545
20:34:29.647 Progress: resolved 806, reused 0, downloaded 806, added 767
20:34:29.952 Progress: resolved 806, reused 0, downloaded 806, added 806, done
20:34:30.412 
20:34:30.412 dependencies:
20:34:30.413 + @prisma/adapter-pg 7.4.1
20:34:30.413 + @prisma/client 7.4.1
20:34:30.413 + @vercel/blob 2.3.0
20:34:30.413 + class-variance-authority 0.7.1
20:34:30.414 + clsx 2.1.1
20:34:30.414 + lucide-react 0.575.0
20:34:30.414 + next 16.1.6
20:34:30.414 + next-themes 0.4.6
20:34:30.415 + pg 8.18.0
20:34:30.415 + prisma 7.4.1
20:34:30.415 + radix-ui 1.4.3
20:34:30.415 + react 19.2.3
20:34:30.416 + react-dom 19.2.3
20:34:30.416 + recharts 3.7.0
20:34:30.416 + sonner 2.0.7
20:34:30.416 + tailwind-merge 3.5.0
20:34:30.416 
20:34:30.417 devDependencies:
20:34:30.417 + @tailwindcss/postcss 4.2.0
20:34:30.417 + @types/node 20.19.33
20:34:30.417 + @types/pg 8.16.0
20:34:30.417 + @types/react 19.2.14
20:34:30.418 + @types/react-dom 19.2.3
20:34:30.419 + eslint 9.39.3
20:34:30.419 + eslint-config-next 16.1.6
20:34:30.419 + shadcn 3.8.5
20:34:30.420 + tailwindcss 4.2.0
20:34:30.420 + tw-animate-css 1.4.0
20:34:30.420 + typescript 5.9.3
20:34:30.420 
20:34:30.444 . postinstall$ prisma generate
20:34:31.656 . postinstall: Loaded Prisma config from prisma.config.ts.
20:34:32.116 . postinstall: Prisma schema loaded from prisma/schema.prisma.
20:34:32.179 . postinstall: ✔ Generated Prisma Client (7.4.1) to ./app/generated/prisma in 30ms
20:34:32.194 . postinstall: Done
20:34:32.198 ╭ Warning ─────────────────────────────────────────────────────────────────────╮
20:34:32.198 │                                                                              │
20:34:32.198 │   Ignored build scripts: msw@2.12.10.                                        │
20:34:32.199 │   Run "pnpm approve-builds" to pick which dependencies should be allowed     │
20:34:32.199 │   to run scripts.                                                            │
20:34:32.199 │                                                                              │
20:34:32.199 ╰──────────────────────────────────────────────────────────────────────────────╯
20:34:32.206 Done in 21.7s using pnpm v10.28.0
20:34:32.253 Running "pnpm run build"
20:34:32.531 
20:34:32.535 > pregnancy-tracker@0.1.0 build /vercel/path0
20:34:32.535 > next build
20:34:32.535 
20:34:33.437 Attention: Next.js now collects completely anonymous telemetry regarding usage.
20:34:33.437 This information is used to shape Next.js' roadmap and prioritize features.
20:34:33.438 You can learn more, including how to opt-out if you'd not like to participate in this anonymous program, by visiting the following URL:
20:34:33.438 https://nextjs.org/telemetry
20:34:33.439 
20:34:33.451 ▲ Next.js 16.1.6 (Turbopack)
20:34:33.452 
20:34:33.487   Creating an optimized production build ...
20:34:56.104 Turbopack build encountered 1 warnings:
20:34:56.105 ./app/api/upload/route.ts:46:22
20:34:56.106 The file pattern (<dynamic> '/' <dynamic> '.' <dynamic> | './public/uploads/' <dynamic> '.' <dynamic> | <dynamic> '.' <dynamic> | './public/uploads' <dynamic> '.' <dynamic> | <dynamic> '/' <dynamic> '.jpg' | './public/uploads/' <dynamic> '.jpg' | <dynamic> '.jpg' | './public/uploads' <dynamic> '.jpg') matches 39931 files in [project]/
20:34:56.106 [0m [90m 44 |[39m     [36mconst[39m bytes [33m=[39m [36mawait[39m file[33m.[39marrayBuffer()[33m;[39m
20:34:56.107  [90m 45 |[39m     [36mconst[39m buffer [33m=[39m [33mBuffer[39m[33m.[39m[36mfrom[39m(bytes)[33m;[39m
20:34:56.107 [31m[1m>[22m[39m[90m 46 |[39m     [36mconst[39m filePath [33m=[39m path[33m.[39mjoin(uploadDir[33m,[39m filename)[33m;[39m
20:34:56.107  [90m    |[39m                      [31m[1m^[22m[39m[31m[1m^[22m[39m[31m[1m^[22m[39m[31m[1m^[22m[39m[31m[1m^[22m[39m[31m[1m^[22m[39m[31m[1m^[22m[39m[31m[1m^[22m[39m[31m[1m^[22m[39m[31m[1m^[22m[39m[31m[1m^[22m[39m[31m[1m^[22m[39m[31m[1m^[22m[39m[31m[1m^[22m[39m[31m[1m^[22m[39m[31m[1m^[22m[39m[31m[1m^[22m[39m[31m[1m^[22m[39m[31m[1m^[22m[39m[31m[1m^[22m[39m[31m[1m^[22m[39m[31m[1m^[22m[39m[31m[1m^[22m[39m[31m[1m^[22m[39m[31m[1m^[22m[39m[31m[1m^[22m[39m[31m[1m^[22m[39m[31m[1m^[22m[39m[31m[1m^[22m[39m[31m[1m^[22m[39m
20:34:56.109  [90m 47 |[39m
20:34:56.109  [90m 48 |[39m     [36mawait[39m writeFile(filePath[33m,[39m buffer)[33m;[39m
20:34:56.109  [90m 49 |[39m[0m
20:34:56.110 
20:34:56.110 Overly broad patterns can lead to build performance issues and over bundling.
20:34:56.110 
20:34:56.111 Import trace:
20:34:56.111   App Route:
20:34:56.111     ./app/api/upload/route.ts
20:34:56.111     ./app/api/upload/route.ts
20:34:56.111 
20:34:56.111 
20:34:56.114 ✓ Compiled successfully in 22.1s
20:34:56.120   Running TypeScript ...
20:35:01.768   Collecting page data using 1 worker ...
20:35:02.214 Error: Failed to collect configuration for /chart-report
20:35:02.214     at ignore-listed frames {
20:35:02.214   [cause]: Error: DATABASE_URL environment variable is not set
20:35:02.215       at <unknown> (.next/server/chunks/ssr/[root-of-the-server]__23e898d6._.js:1:23649)
20:35:02.215       at <unknown> (.next/server/chunks/ssr/[root-of-the-server]__23e898d6._.js:1:23809)
20:35:02.216 }
20:35:02.719 
20:35:02.720 > Build error occurred
20:35:02.722 Error: Failed to collect page data for /chart-report
20:35:02.723     at ignore-listed frames {
20:35:02.723   type: 'Error'
20:35:02.723 }
20:35:02.768  ELIFECYCLE  Command failed with exit code 1.
20:35:02.784 Error: Command "pnpm run build" exited with 1